------------------------------------------------------------
TimeQuest Timing Analyzer Summary
------------------------------------------------------------

Type  : Slow 1200mV 85C Model Setup 'clk_DE0'
Slack : -125.520
TNS   : -17713.408

Type  : Slow 1200mV 85C Model Setup 'datapath:DE0_map|control_unit:Control|present_state.in3'
Slack : -4.014
TNS   : -40.334

Type  : Slow 1200mV 85C Model Setup 'clk'
Slack : -2.434
TNS   : -84.167

Type  : Slow 1200mV 85C Model Hold 'datapath:DE0_map|control_unit:Control|present_state.in3'
Slack : -1.161
TNS   : -2.956

Type  : Slow 1200mV 85C Model Hold 'clk_DE0'
Slack : -0.213
TNS   : -13.521

Type  : Slow 1200mV 85C Model Hold 'clk'
Slack : -0.211
TNS   : -0.211

Type  : Slow 1200mV 85C Model Recovery 'clk_DE0'
Slack : -1.385
TNS   : -790.556

Type  : Slow 1200mV 85C Model Removal 'clk_DE0'
Slack : 1.057
TNS   : 0.000

Type  : Slow 1200mV 85C Model Minimum Pulse Width 'clk'
Slack : -3.000
TNS   : -65.000

Type  : Slow 1200mV 85C Model Minimum Pulse Width 'clk_DE0'
Slack : -2.174
TNS   : -966.044

Type  : Slow 1200mV 85C Model Minimum Pulse Width 'datapath:DE0_map|control_unit:Control|present_state.in3'
Slack : 0.358
TNS   : 0.000

Type  : Slow 1200mV 0C Model Setup 'clk_DE0'
Slack : -112.054
TNS   : -15814.684

Type  : Slow 1200mV 0C Model Setup 'datapath:DE0_map|control_unit:Control|present_state.in3'
Slack : -3.540
TNS   : -34.672

Type  : Slow 1200mV 0C Model Setup 'clk'
Slack : -2.092
TNS   : -67.361

Type  : Slow 1200mV 0C Model Hold 'datapath:DE0_map|control_unit:Control|present_state.in3'
Slack : -1.046
TNS   : -2.648

Type  : Slow 1200mV 0C Model Hold 'clk'
Slack : -0.205
TNS   : -0.205

Type  : Slow 1200mV 0C Model Hold 'clk_DE0'
Slack : -0.150
TNS   : -5.639

Type  : Slow 1200mV 0C Model Recovery 'clk_DE0'
Slack : -1.123
TNS   : -606.209

Type  : Slow 1200mV 0C Model Removal 'clk_DE0'
Slack : 0.902
TNS   : 0.000

Type  : Slow 1200mV 0C Model Minimum Pulse Width 'clk'
Slack : -3.000
TNS   : -65.000

Type  : Slow 1200mV 0C Model Minimum Pulse Width 'clk_DE0'
Slack : -2.174
TNS   : -966.044

Type  : Slow 1200mV 0C Model Minimum Pulse Width 'datapath:DE0_map|control_unit:Control|present_state.in3'
Slack : 0.423
TNS   : 0.000

Type  : Fast 1200mV 0C Model Setup 'clk_DE0'
Slack : -71.067
TNS   : -9734.936

Type  : Fast 1200mV 0C Model Setup 'datapath:DE0_map|control_unit:Control|present_state.in3'
Slack : -1.976
TNS   : -14.021

Type  : Fast 1200mV 0C Model Setup 'clk'
Slack : -0.925
TNS   : -21.925

Type  : Fast 1200mV 0C Model Hold 'datapath:DE0_map|control_unit:Control|present_state.in3'
Slack : -0.753
TNS   : -1.855

Type  : Fast 1200mV 0C Model Hold 'clk_DE0'
Slack : -0.218
TNS   : -47.444

Type  : Fast 1200mV 0C Model Hold 'clk'
Slack : -0.218
TNS   : -0.218

Type  : Fast 1200mV 0C Model Recovery 'clk_DE0'
Slack : -0.427
TNS   : -143.553

Type  : Fast 1200mV 0C Model Removal 'clk_DE0'
Slack : 0.635
TNS   : 0.000

Type  : Fast 1200mV 0C Model Minimum Pulse Width 'clk'
Slack : -3.000
TNS   : -68.681

Type  : Fast 1200mV 0C Model Minimum Pulse Width 'clk_DE0'
Slack : -1.000
TNS   : -959.000

Type  : Fast 1200mV 0C Model Minimum Pulse Width 'datapath:DE0_map|control_unit:Control|present_state.in3'
Slack : 0.351
TNS   : 0.000

------------------------------------------------------------
