------------------------------------------------------------
TimeQuest Timing Analyzer Summary
------------------------------------------------------------

Type  : Slow 1200mV 85C Model Setup 'clk_DE0'
Slack : -126.355
TNS   : -17741.211

Type  : Slow 1200mV 85C Model Setup 'datapath:DE0_map|control_unit:Control|present_state.in3'
Slack : -4.661
TNS   : -30.214

Type  : Slow 1200mV 85C Model Setup 'clk'
Slack : -2.090
TNS   : -31.642

Type  : Slow 1200mV 85C Model Hold 'datapath:DE0_map|control_unit:Control|present_state.in3'
Slack : -0.806
TNS   : -1.295

Type  : Slow 1200mV 85C Model Hold 'clk'
Slack : -0.037
TNS   : -0.037

Type  : Slow 1200mV 85C Model Hold 'clk_DE0'
Slack : 0.085
TNS   : 0.000

Type  : Slow 1200mV 85C Model Recovery 'clk_DE0'
Slack : -2.017
TNS   : -1589.768

Type  : Slow 1200mV 85C Model Removal 'clk_DE0'
Slack : 2.008
TNS   : 0.000

Type  : Slow 1200mV 85C Model Minimum Pulse Width 'clk'
Slack : -3.000
TNS   : -28.000

Type  : Slow 1200mV 85C Model Minimum Pulse Width 'clk_DE0'
Slack : -2.174
TNS   : -966.044

Type  : Slow 1200mV 85C Model Minimum Pulse Width 'datapath:DE0_map|control_unit:Control|present_state.in3'
Slack : 0.427
TNS   : 0.000

Type  : Slow 1200mV 0C Model Setup 'clk_DE0'
Slack : -112.831
TNS   : -15804.519

Type  : Slow 1200mV 0C Model Setup 'datapath:DE0_map|control_unit:Control|present_state.in3'
Slack : -4.152
TNS   : -26.104

Type  : Slow 1200mV 0C Model Setup 'clk'
Slack : -1.779
TNS   : -25.196

Type  : Slow 1200mV 0C Model Hold 'datapath:DE0_map|control_unit:Control|present_state.in3'
Slack : -0.743
TNS   : -1.168

Type  : Slow 1200mV 0C Model Hold 'clk'
Slack : -0.052
TNS   : -0.052

Type  : Slow 1200mV 0C Model Hold 'clk_DE0'
Slack : 0.067
TNS   : 0.000

Type  : Slow 1200mV 0C Model Recovery 'clk_DE0'
Slack : -1.712
TNS   : -1341.124

Type  : Slow 1200mV 0C Model Removal 'clk_DE0'
Slack : 1.769
TNS   : 0.000

Type  : Slow 1200mV 0C Model Minimum Pulse Width 'clk'
Slack : -3.000
TNS   : -28.000

Type  : Slow 1200mV 0C Model Minimum Pulse Width 'clk_DE0'
Slack : -2.174
TNS   : -966.044

Type  : Slow 1200mV 0C Model Minimum Pulse Width 'datapath:DE0_map|control_unit:Control|present_state.in3'
Slack : 0.427
TNS   : 0.000

Type  : Fast 1200mV 0C Model Setup 'clk_DE0'
Slack : -71.982
TNS   : -9826.861

Type  : Fast 1200mV 0C Model Setup 'datapath:DE0_map|control_unit:Control|present_state.in3'
Slack : -2.299
TNS   : -8.624

Type  : Fast 1200mV 0C Model Setup 'clk'
Slack : -0.703
TNS   : -7.223

Type  : Fast 1200mV 0C Model Hold 'datapath:DE0_map|control_unit:Control|present_state.in3'
Slack : -0.435
TNS   : -0.832

Type  : Fast 1200mV 0C Model Hold 'clk'
Slack : -0.144
TNS   : -0.144

Type  : Fast 1200mV 0C Model Hold 'clk_DE0'
Slack : 0.034
TNS   : 0.000

Type  : Fast 1200mV 0C Model Recovery 'clk_DE0'
Slack : -0.764
TNS   : -581.700

Type  : Fast 1200mV 0C Model Removal 'clk_DE0'
Slack : 1.152
TNS   : 0.000

Type  : Fast 1200mV 0C Model Minimum Pulse Width 'clk'
Slack : -3.000
TNS   : -29.387

Type  : Fast 1200mV 0C Model Minimum Pulse Width 'clk_DE0'
Slack : -1.000
TNS   : -959.000

Type  : Fast 1200mV 0C Model Minimum Pulse Width 'datapath:DE0_map|control_unit:Control|present_state.in3'
Slack : 0.343
TNS   : 0.000

------------------------------------------------------------
