------------------------------------------------------------
TimeQuest Timing Analyzer Summary
------------------------------------------------------------

Type  : Slow 1200mV 85C Model Setup 'clk'
Slack : -136.866
TNS   : -17582.322

Type  : Slow 1200mV 85C Model Setup 'MDR_write'
Slack : -4.816
TNS   : -32742.197

Type  : Slow 1200mV 85C Model Hold 'clk'
Slack : -0.187
TNS   : -1.773

Type  : Slow 1200mV 85C Model Hold 'MDR_write'
Slack : -0.054
TNS   : -0.062

Type  : Slow 1200mV 85C Model Minimum Pulse Width 'clk'
Slack : -3.000
TNS   : -845.000

Type  : Slow 1200mV 85C Model Minimum Pulse Width 'MDR_write'
Slack : -3.000
TNS   : -3.000

Type  : Slow 1200mV 0C Model Setup 'clk'
Slack : -122.202
TNS   : -15725.588

Type  : Slow 1200mV 0C Model Setup 'MDR_write'
Slack : -4.252
TNS   : -27404.460

Type  : Slow 1200mV 0C Model Hold 'clk'
Slack : -0.164
TNS   : -1.518

Type  : Slow 1200mV 0C Model Hold 'MDR_write'
Slack : -0.044
TNS   : -0.044

Type  : Slow 1200mV 0C Model Minimum Pulse Width 'clk'
Slack : -3.000
TNS   : -845.000

Type  : Slow 1200mV 0C Model Minimum Pulse Width 'MDR_write'
Slack : -3.000
TNS   : -3.000

Type  : Fast 1200mV 0C Model Setup 'clk'
Slack : -78.269
TNS   : -9785.263

Type  : Fast 1200mV 0C Model Setup 'MDR_write'
Slack : -2.518
TNS   : -12671.221

Type  : Fast 1200mV 0C Model Hold 'MDR_write'
Slack : -0.185
TNS   : -3.809

Type  : Fast 1200mV 0C Model Hold 'clk'
Slack : -0.098
TNS   : -0.895

Type  : Fast 1200mV 0C Model Minimum Pulse Width 'clk'
Slack : -3.000
TNS   : -892.846

Type  : Fast 1200mV 0C Model Minimum Pulse Width 'MDR_write'
Slack : -3.000
TNS   : -3.277

------------------------------------------------------------
